('test_fail2', 'failed')